// Jest Snapshot v1, https://goo.gl/fbAQLP

exports[`matches snapshot 1`] = `
<DocumentFragment>
  <div>
    <div
      style="background-color: red;"
    />
    <button>
      Remove Box
    </button>
  </div>
</DocumentFragment>
`;
